abhis@DESKTOP-FTJSIDB MINGW64 /d/Git Tut/Git Demo
$ git config --list
diff.astextplain.textconv=astextplain
filter.lfs.clean=git-lfs clean -- %f
filter.lfs.smudge=git-lfs smudge -- %f
filter.lfs.process=git-lfs filter-process
filter.lfs.required=true
http.sslbackend=openssl
http.sslcainfo=C:/Program Files/Git/mingw64/ssl/certs/ca-bundle.crt
core.autocrlf=true
core.fscache=true
core.symlinks=false
pull.rebase=false
credential.helper=manager-core
credential.https://dev.azure.com.usehttppath=true
init.defaultbranch=master
filter.lfs.clean=git-lfs clean -- %f
filter.lfs.smudge=git-lfs smudge -- %f
filter.lfs.process=git-lfs filter-process
filter.lfs.required=true
user.name=**************
user.email=************************************

abhis@DESKTOP-FTJSIDB MINGW64 /d/Git Tut/Git Demo
$ git config --global user.email "abh********@gmail.com"

abhis@DESKTOP-FTJSIDB MINGW64 /d/Git Tut/Git Demo
$ git config --list
diff.astextplain.textconv=astextplain
filter.lfs.clean=git-lfs clean -- %f
filter.lfs.smudge=git-lfs smudge -- %f
filter.lfs.process=git-lfs filter-process
filter.lfs.required=true
http.sslbackend=openssl
http.sslcainfo=C:/Program Files/Git/mingw64/ssl/certs/ca-bundle.crt
core.autocrlf=true
core.fscache=true
core.symlinks=false
pull.rebase=false
credential.helper=manager-core
credential.https://dev.azure.com.usehttppath=true
init.defaultbranch=master
filter.lfs.clean=git-lfs clean -- %f
filter.lfs.smudge=git-lfs smudge -- %f
filter.lfs.process=git-lfs filter-process
filter.lfs.required=true
user.name=***************
user.email=abhi***********@gmail.com

abhis@DESKTOP-FTJSIDB MINGW64 /d/Git Tut/Git Demo
$ touch file1.txt

abhis@DESKTOP-FTJSIDB MINGW64 /d/Git Tut/Git Demo
$ git status
fatal: not a git repository (or any of the parent directories): .git

abhis@DESKTOP-FTJSIDB MINGW64 /d/Git Tut/Git Demo
$ git init
Initialized empty Git repository in D:/Git Tut/Git Demo/.git/

abhis@DESKTOP-FTJSIDB MINGW64 /d/Git Tut/Git Demo (master)
$ git status
On branch master

No commits yet

Untracked files:
  (use "git add <file>..." to include in what will be committed)
        file1.txt

nothing added to commit but untracked files present (use "git add" to track)

abhis@DESKTOP-FTJSIDB MINGW64 /d/Git Tut/Git Demo (master)
$ git add file1.txt

abhis@DESKTOP-FTJSIDB MINGW64 /d/Git Tut/Git Demo (master)
$ git status
On branch master

No commits yet

Changes to be committed:
  (use "git rm --cached <file>..." to unstage)
        new file:   file1.txt

Untracked files:
  (use "git add <file>..." to include in what will be committed)
        file 2.txt


abhis@DESKTOP-FTJSIDB MINGW64 /d/Git Tut/Git Demo (master)
$ git add .

abhis@DESKTOP-FTJSIDB MINGW64 /d/Git Tut/Git Demo (master)
$ git status
On branch master

No commits yet

Changes to be committed:
  (use "git rm --cached <file>..." to unstage)
        new file:   file 2.txt
        new file:   file1.txt


abhis@DESKTOP-FTJSIDB MINGW64 /d/Git Tut/Git Demo (master)
$ git commit -m "Initial Commit"
[master (root-commit) 0c1a4a5] Initial Commit
 2 files changed, 0 insertions(+), 0 deletions(-)
 create mode 100644 file 2.txt
 create mode 100644 file1.txt

abhis@DESKTOP-FTJSIDB MINGW64 /d/Git Tut/Git Demo (master)
$ git status
On branch master
nothing to commit, working tree clean

abhis@DESKTOP-FTJSIDB MINGW64 /d/Git Tut/Git Demo (master)
$ git status
On branch master
Changes not staged for commit:
  (use "git add <file>..." to update what will be committed)
  (use "git restore <file>..." to discard changes in working directory)
        modified:   file 2.txt
        modified:   file1.txt

no changes added to commit (use "git add" and/or "git commit -a")

abhis@DESKTOP-FTJSIDB MINGW64 /d/Git Tut/Git Demo (master)
$ git add .

abhis@DESKTOP-FTJSIDB MINGW64 /d/Git Tut/Git Demo (master)
$ git commit -m "Second Commit"
[master a664c2e] Second Commit
 2 files changed, 2 insertions(+)

abhis@DESKTOP-FTJSIDB MINGW64 /d/Git Tut/Git Demo (master)
$ git remote add origin https://github.com/abhi01-01/Git-Tutorial.git

abhis@DESKTOP-FTJSIDB MINGW64 /d/Git Tut/Git Demo (master)
$ git remote
origin

abhis@DESKTOP-FTJSIDB MINGW64 /d/Git Tut/Git Demo (master)
$ git push -u origin master
Enumerating objects: 6, done.
Counting objects: 100% (6/6), done.
Delta compression using up to 4 threads
Compressing objects: 100% (4/4), done.
Writing objects: 100% (6/6), 478 bytes | 239.00 KiB/s, done.
Total 6 (delta 0), reused 0 (delta 0), pack-reused 0
To https://github.com/abhi01-01/Git-Tutorial.git
 * [new branch]      master -> master
branch 'master' set up to track 'origin/master'.

abhis@DESKTOP-FTJSIDB MINGW64 /d/Git Tut/Git Demo (master)
$ touch file3.txt

abhis@DESKTOP-FTJSIDB MINGW64 /d/Git Tut/Git Demo (master)
$ git status
On branch master
Your branch is up to date with 'origin/master'.

Untracked files:
  (use "git add <file>..." to include in what will be committed)
        file3.txt

nothing added to commit but untracked files present (use "git add" to track)

abhis@DESKTOP-FTJSIDB MINGW64 /d/Git Tut/Git Demo (master)
$ git add .

abhis@DESKTOP-FTJSIDB MINGW64 /d/Git Tut/Git Demo (master)
$ git status
On branch master
Your branch is up to date with 'origin/master'.

Changes to be committed:
  (use "git restore --staged <file>..." to unstage)
        new file:   file3.txt


abhis@DESKTOP-FTJSIDB MINGW64 /d/Git Tut/Git Demo (master)
$ git commit -m "Third Commit"
[master 6721e02] Third Commit
 1 file changed, 1 insertion(+)
 create mode 100644 file3.txt

abhis@DESKTOP-FTJSIDB MINGW64 /d/Git Tut/Git Demo (master)
$ git status
On branch master
Your branch is ahead of 'origin/master' by 1 commit.
  (use "git push" to publish your local commits)

nothing to commit, working tree clean

abhis@DESKTOP-FTJSIDB MINGW64 /d/Git Tut/Git Demo (master)
$ git push -u origin master
Enumerating objects: 4, done.
Counting objects: 100% (4/4), done.
Delta compression using up to 4 threads
Compressing objects: 100% (2/2), done.
Writing objects: 100% (3/3), 306 bytes | 153.00 KiB/s, done.
Total 3 (delta 0), reused 0 (delta 0), pack-reused 0
To https://github.com/abhi01-01/Git-Tutorial.git
   a664c2e..6721e02  master -> master
branch 'master' set up to track 'origin/master'.

abhis@DESKTOP-FTJSIDB MINGW64 /d/Git Tut/Git Demo (master)