abhis@DESKTOP-FTJSIDB MINGW64 /d/Git Tut/Git Demo/lec 9 (master)
$ touch file1.txt

abhis@DESKTOP-FTJSIDB MINGW64 /d/Git Tut/Git Demo/lec 9 (master)
$ git status
On branch master
Your branch is up to date with 'origin/master'.

Untracked files:
  (use "git add <file>..." to include in what will be committed)
        ./

nothing added to commit but untracked files present (use "git add" to track)

abhis@DESKTOP-FTJSIDB MINGW64 /d/Git Tut/Git Demo/lec 9 (master)
$ git add .

abhis@DESKTOP-FTJSIDB MINGW64 /d/Git Tut/Git Demo/lec 9 (master)
$ git commit -m "One file"
[master 2f75d32] One file
 1 file changed, 1 insertion(+)
 create mode 100644 lec 9/file1.txt

abhis@DESKTOP-FTJSIDB MINGW64 /d/Git Tut/Git Demo/lec 9 (master)
$ echo 'file2' > file2.txt

abhis@DESKTOP-FTJSIDB MINGW64 /d/Git Tut/Git Demo/lec 9 (master)
$ git add .
warning: LF will be replaced by CRLF in lec 9/file2.txt.
The file will have its original line endings in your working directory

abhis@DESKTOP-FTJSIDB MINGW64 /d/Git Tut/Git Demo/lec 9 (master)
$ git commit -m "two file"
[master 19c74b4] two file
 1 file changed, 1 insertion(+)
 create mode 100644 lec 9/file2.txt

abhis@DESKTOP-FTJSIDB MINGW64 /d/Git Tut/Git Demo/lec 9 (master)
$ echo 'file3' > file.txt

abhis@DESKTOP-FTJSIDB MINGW64 /d/Git Tut/Git Demo/lec 9 (master)
$ git add .
warning: LF will be replaced by CRLF in lec 9/file.txt.
The file will have its original line endings in your working directory

abhis@DESKTOP-FTJSIDB MINGW64 /d/Git Tut/Git Demo/lec 9 (master)
$ git commit -m "three file"
[master b24e3ba] three file
 1 file changed, 1 insertion(+)
 create mode 100644 lec 9/file.txt

abhis@DESKTOP-FTJSIDB MINGW64 /d/Git Tut/Git Demo/lec 9 (master)
$ echo 'file4' > file4.txt

abhis@DESKTOP-FTJSIDB MINGW64 /d/Git Tut/Git Demo/lec 9 (master)
$ git add .
warning: LF will be replaced by CRLF in lec 9/file4.txt.
The file will have its original line endings in your working directory

abhis@DESKTOP-FTJSIDB MINGW64 /d/Git Tut/Git Demo/lec 9 (master)
$ git commit -m "four file"
[master 83bc90c] four file
 1 file changed, 1 insertion(+)
 create mode 100644 lec 9/file4.txt

abhis@DESKTOP-FTJSIDB MINGW64 /d/Git Tut/Git Demo/lec 9 (master)
$ git log --oneline
83bc90c (HEAD -> master) four file
b24e3ba three file
19c74b4 two file
2f75d32 One file
979aa70 (origin/master) till lec 8
fe51841 lec3 Commit
6721e02 Third Commit
a664c2e Second Commit
0c1a4a5 Initial Commit

abhis@DESKTOP-FTJSIDB MINGW64 /d/Git Tut/Git Demo/lec 9 (master)
$ git remote
origin

abhis@DESKTOP-FTJSIDB MINGW64 /d/Git Tut/Git Demo/lec 9 (master)
$ git remote -v
origin  https://github.com/abhi01-01/Git-Tutorial.git (fetch)
origin  https://github.com/abhi01-01/Git-Tutorial.git (push)

abhis@DESKTOP-FTJSIDB MINGW64 /d/Git Tut/Git Demo/lec 9 (master)
$ git push -u origin master
Enumerating objects: 17, done.
Counting objects: 100% (17/17), done.
Delta compression using up to 4 threads
Compressing objects: 100% (11/11), done.
Writing objects: 100% (16/16), 1.15 KiB | 295.00 KiB/s, done.
Total 16 (delta 5), reused 0 (delta 0), pack-reused 0
remote: Resolving deltas: 100% (5/5), completed with 1 local object.
To https://github.com/abhi01-01/Git-Tutorial.git
   979aa70..83bc90c  master -> master
branch 'master' set up to track 'origin/master'.

abhis@DESKTOP-FTJSIDB MINGW64 /d/Git Tut/Git Demo/lec 9 (master)
$ git log --oneline
83bc90c (HEAD -> master, origin/master) four file
b24e3ba three file
19c74b4 two file
2f75d32 One file
979aa70 till lec 8
fe51841 lec3 Commit
6721e02 Third Commit
a664c2e Second Commit
0c1a4a5 Initial Commit

abhis@DESKTOP-FTJSIDB MINGW64 /d/Git Tut/Git Demo/lec 9 (master)
$ git branch Bug1 2f75d32

abhis@DESKTOP-FTJSIDB MINGW64 /d/Git Tut/Git Demo/lec 9 (master)
$ git branch Bug2 19c74b4

abhis@DESKTOP-FTJSIDB MINGW64 /d/Git Tut/Git Demo/lec 9 (master)
$ git branch Bug3 b24e3ba

abhis@DESKTOP-FTJSIDB MINGW64 /d/Git Tut/Git Demo/lec 9 (master)
$ git branch Bug4

abhis@DESKTOP-FTJSIDB MINGW64 /d/Git Tut/Git Demo/lec 9 (master)
$ git branch
  Bug1
  Bug2
  Bug3
  Bug4
* master

abhis@DESKTOP-FTJSIDB MINGW64 /d/Git Tut/Git Demo/lec 9 (master)
$ git checkout Bug1
Switched to branch 'Bug1'
M       All git commands.txt

abhis@DESKTOP-FTJSIDB MINGW64 /d/Git Tut/Git Demo/lec 9 (Bug1)
$ echo 'file15' > file15.txt

abhis@DESKTOP-FTJSIDB MINGW64 /d/Git Tut/Git Demo/lec 9 (Bug1)
$ git status
On branch Bug1
Changes not staged for commit:
  (use "git add <file>..." to update what will be committed)
  (use "git restore <file>..." to discard changes in working directory)
        modified:   ../All git commands.txt

Untracked files:
  (use "git add <file>..." to include in what will be committed)
        file15.txt

no changes added to commit (use "git add" and/or "git commit -a")

abhis@DESKTOP-FTJSIDB MINGW64 /d/Git Tut/Git Demo/lec 9 (Bug1)
$ git add .
warning: LF will be replaced by CRLF in lec 9/file15.txt.
The file will have its original line endings in your working directory

abhis@DESKTOP-FTJSIDB MINGW64 /d/Git Tut/Git Demo/lec 9 (Bug1)
$ git commit -m "File15 added to Bug1"
[Bug1 5d069b9] File15 added to Bug1
 1 file changed, 1 insertion(+)
 create mode 100644 lec 9/file15.txt

abhis@DESKTOP-FTJSIDB MINGW64 /d/Git Tut/Git Demo/lec 9 (Bug1)
$ git status
On branch Bug1
Changes not staged for commit:
  (use "git add <file>..." to update what will be committed)
  (use "git restore <file>..." to discard changes in working directory)
        modified:   ../All git commands.txt

no changes added to commit (use "git add" and/or "git commit -a")

abhis@DESKTOP-FTJSIDB MINGW64 /d/Git Tut/Git Demo/lec 9 (Bug1)
$ git status
On branch Bug1
nothing to commit, working tree clean

abhis@DESKTOP-FTJSIDB MINGW64 /d/Git Tut/Git Demo/lec 9 (Bug1)
$ git push -u origin Bug1
Enumerating objects: 8, done.
Counting objects: 100% (8/8), done.
Delta compression using up to 4 threads
Compressing objects: 100% (5/5), done.
Writing objects: 100% (6/6), 533 bytes | 266.00 KiB/s, done.
Total 6 (delta 2), reused 0 (delta 0), pack-reused 0
remote: Resolving deltas: 100% (2/2), completed with 1 local object.
remote:
remote: Create a pull request for 'Bug1' on GitHub by visiting:
remote:      https://github.com/abhi01-01/Git-Tutorial/pull/new/Bug1
remote:
To https://github.com/abhi01-01/Git-Tutorial.git
 * [new branch]      Bug1 -> Bug1
branch 'Bug1' set up to track 'origin/Bug1'.

abhis@DESKTOP-FTJSIDB MINGW64 /d/Git Tut/Git Demo/lec 9 (Bug1)
$ git status
On branch Bug1
Your branch is up to date with 'origin/Bug1'.

nothing to commit, working tree clean

abhis@DESKTOP-FTJSIDB MINGW64 /d/Git Tut/Git Demo/lec 9 (Bug1)
$ git branch
* Bug1
  Bug2
  Bug3
  Bug4
  master

abhis@DESKTOP-FTJSIDB MINGW64 /d/Git Tut/Git Demo/lec 9 (Bug1)
$ git checkout Bug2
Switched to branch 'Bug2'

abhis@DESKTOP-FTJSIDB MINGW64 /d/Git Tut/Git Demo/lec 9 (Bug2)
$ echo 'file25' > file25.txt

abhis@DESKTOP-FTJSIDB MINGW64 /d/Git Tut/Git Demo/lec 9 (Bug2)
$ git add .
warning: LF will be replaced by CRLF in lec 9/file25.txt.
The file will have its original line endings in your working directory

abhis@DESKTOP-FTJSIDB MINGW64 /d/Git Tut/Git Demo/lec 9 (Bug2)
$ git commit -m "File25 added to Bug2 Branch"
[Bug2 9d70cf2] File25 added to Bug2 Branch
 1 file changed, 1 insertion(+)
 create mode 100644 lec 9/file25.txt

abhis@DESKTOP-FTJSIDB MINGW64 /d/Git Tut/Git Demo/lec 9 (Bug2)
$ git push -u origin Bug2
Enumerating objects: 6, done.
Counting objects: 100% (6/6), done.
Delta compression using up to 4 threads
Compressing objects: 100% (3/3), done.
Writing objects: 100% (4/4), 382 bytes | 382.00 KiB/s, done.
Total 4 (delta 1), reused 0 (delta 0), pack-reused 0
remote: Resolving deltas: 100% (1/1), completed with 1 local object.
remote:
remote: Create a pull request for 'Bug2' on GitHub by visiting:
remote:      https://github.com/abhi01-01/Git-Tutorial/pull/new/Bug2
remote:
To https://github.com/abhi01-01/Git-Tutorial.git
 * [new branch]      Bug2 -> Bug2
branch 'Bug2' set up to track 'origin/Bug2'.

abhis@DESKTOP-FTJSIDB MINGW64 /d/Git Tut/Git Demo/lec 9 (Bug2)
$ git checkout Bug3
Switched to branch 'Bug3'

abhis@DESKTOP-FTJSIDB MINGW64 /d/Git Tut/Git Demo/lec 9 (Bug3)
$ echo 'file35' > file35.txt

abhis@DESKTOP-FTJSIDB MINGW64 /d/Git Tut/Git Demo/lec 9 (Bug3)
$ git add .
warning: LF will be replaced by CRLF in lec 9/file35.txt.
The file will have its original line endings in your working directory

abhis@DESKTOP-FTJSIDB MINGW64 /d/Git Tut/Git Demo/lec 9 (Bug3)
$ git commit -m "file35 added to Bug3 branch"
[Bug3 b95ad42] file35 added to Bug3 branch
 1 file changed, 1 insertion(+)
 create mode 100644 lec 9/file35.txt

abhis@DESKTOP-FTJSIDB MINGW64 /d/Git Tut/Git Demo/lec 9 (Bug3)
$ git push -u origin Bug3
Enumerating objects: 6, done.
Counting objects: 100% (6/6), done.
Delta compression using up to 4 threads
Compressing objects: 100% (3/3), done.
Writing objects: 100% (4/4), 351 bytes | 351.00 KiB/s, done.
Total 4 (delta 2), reused 0 (delta 0), pack-reused 0
remote: Resolving deltas: 100% (2/2), completed with 2 local objects.
remote:
remote: Create a pull request for 'Bug3' on GitHub by visiting:
remote:      https://github.com/abhi01-01/Git-Tutorial/pull/new/Bug3
remote:
To https://github.com/abhi01-01/Git-Tutorial.git
 * [new branch]      Bug3 -> Bug3
branch 'Bug3' set up to track 'origin/Bug3'.

abhis@DESKTOP-FTJSIDB MINGW64 /d/Git Tut/Git Demo/lec 9 (Bug3)
$ git checkout Bug4
Switched to branch 'Bug4'

abhis@DESKTOP-FTJSIDB MINGW64 /d/Git Tut/Git Demo/lec 9 (Bug4)
$ echo 'File45' > file45.txt

abhis@DESKTOP-FTJSIDB MINGW64 /d/Git Tut/Git Demo/lec 9 (Bug4)
$ git add .
warning: LF will be replaced by CRLF in lec 9/file45.txt.
The file will have its original line endings in your working directory

abhis@DESKTOP-FTJSIDB MINGW64 /d/Git Tut/Git Demo/lec 9 (Bug4)
$ git commit -m "file45 added to Bug4 branch"
[Bug4 b6fa52f] file45 added to Bug4 branch
 1 file changed, 1 insertion(+)
 create mode 100644 lec 9/file45.txt

abhis@DESKTOP-FTJSIDB MINGW64 /d/Git Tut/Git Demo/lec 9 (Bug4)
$ git push -u origin Bug4
Enumerating objects: 6, done.
Counting objects: 100% (6/6), done.
Delta compression using up to 4 threads
Compressing objects: 100% (3/3), done.
Writing objects: 100% (4/4), 354 bytes | 354.00 KiB/s, done.
Total 4 (delta 2), reused 0 (delta 0), pack-reused 0
remote: Resolving deltas: 100% (2/2), completed with 2 local objects.
remote:
remote: Create a pull request for 'Bug4' on GitHub by visiting:
remote:      https://github.com/abhi01-01/Git-Tutorial/pull/new/Bug4
remote:
To https://github.com/abhi01-01/Git-Tutorial.git
 * [new branch]      Bug4 -> Bug4
branch 'Bug4' set up to track 'origin/Bug4'.

abhis@DESKTOP-FTJSIDB MINGW64 /d/Git Tut/Git Demo/lec 9 (Bug4)
$ git checkout Bug1
Switched to branch 'Bug1'
Your branch is up to date with 'origin/Bug1'.

abhis@DESKTOP-FTJSIDB MINGW64 /d/Git Tut/Git Demo/lec 9 (Bug1)
$ git branch
* Bug1
  Bug2
  Bug3
  Bug4
  master

abhis@DESKTOP-FTJSIDB MINGW64 /d/Git Tut/Git Demo/lec 9 (Bug1)
$ git checkout master
Switched to branch 'master'
Your branch is up to date with 'origin/master'.

abhis@DESKTOP-FTJSIDB MINGW64 /d/Git Tut/Git Demo/lec 9 (master)
$ git merge Bug1
Merge made by the 'ort' strategy.
 All git commands.txt | 32 --------------------------------
 lec 9/file15.txt     |  1 +
 2 files changed, 1 insertion(+), 32 deletions(-)
 delete mode 100644 All git commands.txt
 create mode 100644 lec 9/file15.txt

abhis@DESKTOP-FTJSIDB MINGW64 /d/Git Tut/Git Demo/lec 9 (master)
$ git push -u origin master
Enumerating objects: 7, done.
Counting objects: 100% (7/7), done.
Delta compression using up to 4 threads
Compressing objects: 100% (3/3), done.
Writing objects: 100% (3/3), 354 bytes | 354.00 KiB/s, done.
Total 3 (delta 2), reused 0 (delta 0), pack-reused 0
remote: Resolving deltas: 100% (2/2), completed with 2 local objects.
To https://github.com/abhi01-01/Git-Tutorial.git
   83bc90c..9e3ec27  master -> master
branch 'master' set up to track 'origin/master'.

abhis@DESKTOP-FTJSIDB MINGW64 /d/Git Tut/Git Demo/lec 9 (master)
$ git checkout Bug2
Switched to branch 'Bug2'
Your branch is up to date with 'origin/Bug2'.

abhis@DESKTOP-FTJSIDB MINGW64 /d/Git Tut/Git Demo/lec 9 (Bug2)
$ git checkout master
Switched to branch 'master'
Your branch is up to date with 'origin/master'.

abhis@DESKTOP-FTJSIDB MINGW64 /d/Git Tut/Git Demo/lec 9 (master)
$ git merge Bug2
Merge made by the 'ort' strategy.
 lec 9/file25.txt | 1 +
 1 file changed, 1 insertion(+)
 create mode 100644 lec 9/file25.txt

abhis@DESKTOP-FTJSIDB MINGW64 /d/Git Tut/Git Demo/lec 9 (master)
$ git push -u origin master
Enumerating objects: 7, done.
Counting objects: 100% (7/7), done.
Delta compression using up to 4 threads
Compressing objects: 100% (3/3), done.
Writing objects: 100% (3/3), 358 bytes | 358.00 KiB/s, done.
Total 3 (delta 2), reused 0 (delta 0), pack-reused 0
remote: Resolving deltas: 100% (2/2), completed with 2 local objects.
To https://github.com/abhi01-01/Git-Tutorial.git
   9e3ec27..e8d6829  master -> master
branch 'master' set up to track 'origin/master'.

abhis@DESKTOP-FTJSIDB MINGW64 /d/Git Tut/Git Demo/lec 9 (master)
$ git status
On branch master
Your branch is up to date with 'origin/master'.

nothing to commit, working tree clean

abhis@DESKTOP-FTJSIDB MINGW64 /d/Git Tut/Git Demo/lec 9 (master)
$ git merge Bug3
Merge made by the 'ort' strategy.
 lec 9/file35.txt | 1 +
 1 file changed, 1 insertion(+)
 create mode 100644 lec 9/file35.txt

abhis@DESKTOP-FTJSIDB MINGW64 /d/Git Tut/Git Demo/lec 9 (master)
$ git push -u origin master
Enumerating objects: 7, done.
Counting objects: 100% (7/7), done.
Delta compression using up to 4 threads
Compressing objects: 100% (3/3), done.
Writing objects: 100% (3/3), 353 bytes | 353.00 KiB/s, done.
Total 3 (delta 2), reused 0 (delta 0), pack-reused 0
remote: Resolving deltas: 100% (2/2), completed with 2 local objects.
To https://github.com/abhi01-01/Git-Tutorial.git
   e8d6829..4c93e56  master -> master
branch 'master' set up to track 'origin/master'.

abhis@DESKTOP-FTJSIDB MINGW64 /d/Git Tut/Git Demo/lec 9 (master)
$ git merge Bug4
Merge made by the 'ort' strategy.
 lec 9/file45.txt | 1 +
 1 file changed, 1 insertion(+)
 create mode 100644 lec 9/file45.txt

abhis@DESKTOP-FTJSIDB MINGW64 /d/Git Tut/Git Demo/lec 9 (master)
$ git push -u origin master
Enumerating objects: 7, done.
Counting objects: 100% (7/7), done.
Delta compression using up to 4 threads
Compressing objects: 100% (3/3), done.
Writing objects: 100% (3/3), 361 bytes | 361.00 KiB/s, done.
Total 3 (delta 2), reused 0 (delta 0), pack-reused 0
remote: Resolving deltas: 100% (2/2), completed with 2 local objects.
To https://github.com/abhi01-01/Git-Tutorial.git
   4c93e56..657055e  master -> master
branch 'master' set up to track 'origin/master'.

abhis@DESKTOP-FTJSIDB MINGW64 /d/Git Tut/Git Demo/lec 9 (master)
$ git status
On branch master
Your branch is up to date with 'origin/master'.

nothing to commit, working tree clean

abhis@DESKTOP-FTJSIDB MINGW64 /d/Git Tut/Git Demo/lec 9 (master)
$
